
> globetrotter@0.1.0 build
> next build

node.exe : ΓÜá 
Warning: Next.js 
inferred your 
workspace root, but 
it may not be 
correct.
At line:1 char:1
+ & "C:\Program Files
\nodejs/node.exe" 
"C:\Program 
Files\nodejs/node_mo 
...
+ ~~~~~~~~~~~~~~~~~~~
~~~~~~~~~~~~~~~~~~~~~
~~~~~~~~~~~~~~~~~~~~~
~~~~~~~~
    + CategoryInfo   
           : NotSpe  
  cified: (ΓÜá War   
 ning: Ne...not b    
e correct.:Strin    
g) [], RemoteExc    
eption
    + FullyQualified 
   ErrorId : Native  
  CommandError
 
 We detected 
multiple lockfiles 
and selected the 
directory of D:\globe
trotter\package-lock.
json as the root 
directory.
 To silence this 
warning, set 
`turbopack.root` in 
your Next.js config, 
or consider removing 
one of the lockfiles 
if it's not needed.
   See https://nextjs
.org/docs/app/api-ref
erence/config/next-co
nfig-js/turbopack#roo
t-directory for more 
information.
 Detected additional 
lockfiles: 
   * D:\globetrotter\
GlobeTrotter\package-
lock.json

Γû▓ Next.js 16.1.1 (Turbopack)
- Environments: .env

ΓÜá The "middleware" 
file convention is 
deprecated. Please 
use "proxy" instead. 
Learn more: https://n
extjs.org/docs/messag
es/middleware-to-prox
y
  Creating an optimized production build ...

> Build error 
occurred
Error: Turbopack 
build failed with 3 
errors:
./GlobeTrotter/app/ca
lendar/page.tsx:6:1
Module not found: 
Can't resolve 
'date-fns'
[0m [90m  4 |[39m 
[36mimport[39m { 
motion[33m,[39m [3
3mAnimatePresence[39
m } [36mfrom[39m [
32m"framer-motion"[3
9m
 [90m  5 |[39m 
[36mimport[39m { [
33mUser[39m[33m,[3
9m [33mSearch[39m[
33m,[39m [33mChevro
nLeft[39m[33m,[39m
 [33mChevronRight[3
9m[33m,[39m [33mMa
pPin[39m[33m,[39m 
[33mCalendarDays[39
m } [36mfrom[39m [
32m"lucide-react"[39
m
[31m[1m>[22m[39m
[90m  6 |[39m 
[36mimport[39m {
 [90m    |[39m [31
m[1m^[22m[39m[31m
[1m^[22m[39m[31m
[1m^[22m[39m[31m[
1m^[22m[39m[31m[1
m^[22m[39m[31m[1m
^[22m[39m[31m[1m^
[22m[39m[31m[1m^
[22m[39m
[31m[1m>[22m[39m
[90m  7 |[39m     
format[33m,[39m
 [90m    |[39m [31
m[1m^[22m[39m[31m
[1m^[22m[39m[31m
[1m^[22m[39m[31m[
1m^[22m[39m[31m[1
m^[22m[39m[31m[1m
^[22m[39m[31m[1m^
[22m[39m[31m[1m^
[22m[39m[31m[1m^[
22m[39m[31m[1m^[2
2m[39m[31m[1m^[22
m[39m
[31m[1m>[22m[39m
[90m  8 |[39m     
addMonths[33m,[39m
 [90m    |[39m [31
m[1m^[22m[39m[31m
[1m^[22m[39m[31m
[1m^[22m[39m[31m[
1m^[22m[39m[31m[1
m^[22m[39m[31m[1m
^[22m[39m[31m[1m^
[22m[39m[31m[1m^
[22m[39m[31m[1m^[
22m[39m[31m[1m^[2
2m[39m[31m[1m^[22
m[39m
[31m[1m>[22m[39m
[90m  9 |[39m     
subMonths[33m,[39m
 [90m    |[39m [31
m[1m^[22m[39m[31m
[1m^[22m[39m[31m
[1m^[22m[39m[31m[
1m^[22m[39m[31m[1
m^[22m[39m[31m[1m
^[22m[39m[31m[1m^
[22m[39m[31m[1m^
[22m[39m[31m[1m^[
22m[39m[31m[1m^[2
2m[39m[31m[1m^[22
m[39m
[31m[1m>[22m[39m
[90m 10 |[39m     st
artOfMonth[33m,[39m
 [90m    |[39m [31
m[1m^[22m[39m[31m
[1m^[22m[39m[31m
[1m^[22m[39m[31m[
1m^[22m[39m[31m[1
m^[22m[39m[31m[1m
^[22m[39m[31m[1m^
[22m[39m[31m[1m^
[22m[39m[31m[1m^[
22m[39m[31m[1m^[2
2m[39m[31m[1m^[22
m[39m
[31m[1m>[22m[39m
[90m 11 |[39m     
endOfMonth[33m,[39m
 [90m    |[39m [31
m[1m^[22m[39m[31m
[1m^[22m[39m[31m
[1m^[22m[39m[31m[
1m^[22m[39m[31m[1
m^[22m[39m[31m[1m
^[22m[39m[31m[1m^
[22m[39m[31m[1m^
[22m[39m[31m[1m^[
22m[39m[31m[1m^[2
2m[39m[31m[1m^[22
m[39m
[31m[1m>[22m[39m
[90m 12 |[39m     st
artOfWeek[33m,[39m
 [90m    |[39m [31
m[1m^[22m[39m[31m
[1m^[22m[39m[31m
[1m^[22m[39m[31m[
1m^[22m[39m[31m[1
m^[22m[39m[31m[1m
^[22m[39m[31m[1m^
[22m[39m[31m[1m^
[22m[39m[31m[1m^[
22m[39m[31m[1m^[2
2m[39m[31m[1m^[22
m[39m
[31m[1m>[22m[39m
[90m 13 |[39m     
endOfWeek[33m,[39m
 [90m    |[39m [31
m[1m^[22m[39m[31m
[1m^[22m[39m[31m
[1m^[22m[39m[31m[
1m^[22m[39m[31m[1
m^[22m[39m[31m[1m
^[22m[39m[31m[1m^
[22m[39m[31m[1m^
[22m[39m[31m[1m^[
22m[39m[31m[1m^[2
2m[39m[31m[1m^[22
m[39m
[31m[1m>[22m[39m
[90m 14 |[39m     ea
chDayOfInterval[33m,
[39m
 [90m    |[39m [31
m[1m^[22m[39m[31m
[1m^[22m[39m[31m
[1m^[22m[39m[31m[
1m^[22m[39m[31m[1
m^[22m[39m[31m[1m
^[22m[39m[31m[1m^
[22m[39m[31m[1m^
[22m[39m[31m[1m^[
22m[39m[31m[1m^[2
2m[39m[31m[1m^[22
m[39m
[31m[1m>[22m[39m
[90m 15 |[39m     is
SameMonth[33m,[39m
 [90m    |[39m [31
m[1m^[22m[39m[31m
[1m^[22m[39m[31m
[1m^[22m[39m[31m[
1m^[22m[39m[31m[1
m^[22m[39m[31m[1m
^[22m[39m[31m[1m^
[22m[39m[31m[1m^
[22m[39m[31m[1m^[
22m[39m[31m[1m^[2
2m[39m[31m[1m^[22
m[39m
[31m[1m>[22m[39m
[90m 16 |[39m     
isSameDay[33m,[39m
 [90m    |[39m [31
m[1m^[22m[39m[31m
[1m^[22m[39m[31m
[1m^[22m[39m[31m[
1m^[22m[39m[31m[1
m^[22m[39m[31m[1m
^[22m[39m[31m[1m^
[22m[39m[31m[1m^
[22m[39m[31m[1m^[
22m[39m[31m[1m^[2
2m[39m[31m[1m^[22
m[39m
[31m[1m>[22m[39m
[90m 17 |[39m } 
[36mfrom[39m 
[32m"date-fns"[39m
 [90m    |[39m [31
m[1m^[22m[39m[31m
[1m^[22m[39m[31m
[1m^[22m[39m[31m[
1m^[22m[39m[31m[1
m^[22m[39m[31m[1m
^[22m[39m[31m[1m^
[22m[39m[31m[1m^
[22m[39m[31m[1m^[
22m[39m[31m[1m^[2
2m[39m[31m[1m^[22
m[39m[31m[1m^[22m
[39m[31m[1m^[22m
[39m[31m[1m^[22m[
39m[31m[1m^[22m[3
9m[31m[1m^[22m[39
m[31m[1m^[22m[39m
[31m[1m^[22m[39m
 [90m 18 |[39m 
[36mimport[39m { ge
tCalendarTrips[33m,
[39m type [33mCalend
arTrip[39m } 
[36mfrom[39m [32m"
@/app/actions/calenda
r"[39m
 [90m 19 |[39m 
[36mimport[39m { [
33mGlassDropdown[39m
 } [36mfrom[39m [3
2m"@/app/search/Glass
Dropdown"[39m
 [90m 20 |[39m[0m



Import traces:
  Client Component 
Browser:
    ./GlobeTrotter/ap
p/calendar/page.tsx 
[Client Component 
Browser]
    ./GlobeTrotter/ap
p/calendar/page.tsx 
[Server Component]

  Client Component 
SSR:
    ./GlobeTrotter/ap
p/calendar/page.tsx 
[Client Component 
SSR]
    ./GlobeTrotter/ap
p/calendar/page.tsx 
[Server Component]

https://nextjs.org/do
cs/messages/module-no
t-found


./GlobeTrotter/app/tr
ips/[tripId]/view/pag
e.tsx:7:1
Module not found: 
Can't resolve 
'date-fns'
[0m [90m  5 |[39m 
[36mimport[39m { ge
tTripItinerary[33m,
[39m type [33mFullIt
inerary[39m[33m,[3
9m type [33mItinerar
yStop[39m[33m,[39m
 type [33mItineraryA
ctivity[39m } 
[36mfrom[39m [32m"
@/app/actions/itinera
ryView"[39m
 [90m  6 |[39m 
[36mimport[39m { [
33mGlassDropdown[39m
 } [36mfrom[39m [3
2m"@/app/search/Glass
Dropdown"[39m
[31m[1m>[22m[39m
[90m  7 |[39m 
[36mimport[39m { 
format[33m,[39m dif
ferenceInCalendarDays
[33m,[39m 
addDays[33m,[39m 
isSameDay } 
[36mfrom[39m 
[32m"date-fns"[39m
 [90m    |[39m [31
m[1m^[22m[39m[31m
[1m^[22m[39m[31m
[1m^[22m[39m[31m[
1m^[22m[39m[31m[1
m^[22m[39m[31m[1m
^[22m[39m[31m[1m^
[22m[39m[31m[1m^
[22m[39m[31m[1m^[
22m[39m[31m[1m^[2
2m[39m[31m[1m^[22
m[39m[31m[1m^[22m
[39m[31m[1m^[22m
[39m[31m[1m^[22m[
39m[31m[1m^[22m[3
9m[31m[1m^[22m[39
m[31m[1m^[22m[39m
[31m[1m^[22m[39m
[31m[1m^[22m[39m[
31m[1m^[22m[39m[3
1m[1m^[22m[39m[31
m[1m^[22m[39m[31m
[1m^[22m[39m[31m
[1m^[22m[39m[31m[
1m^[22m[39m[31m[1
m^[22m[39m[31m[1m
^[22m[39m[31m[1m^
[22m[39m[31m[1m^
[22m[39m[31m[1m^[
22m[39m[31m[1m^[2
2m[39m[31m[1m^[22
m[39m[31m[1m^[22m
[39m[31m[1m^[22m
[39m[31m[1m^[22m[
39m[31m[1m^[22m[3
9m[31m[1m^[22m[39
m[31m[1m^[22m[39m
[31m[1m^[22m[39m
[31m[1m^[22m[39m[
31m[1m^[22m[39m[3
1m[1m^[22m[39m[31
m[1m^[22m[39m[31m
[1m^[22m[39m[31m
[1m^[22m[39m[31m[
1m^[22m[39m[31m[1
m^[22m[39m[31m[1m
^[22m[39m[31m[1m^
[22m[39m[31m[1m^
[22m[39m[31m[1m^[
22m[39m[31m[1m^[2
2m[39m[31m[1m^[22
m[39m[31m[1m^[22m
[39m[31m[1m^[22m
[39m[31m[1m^[22m[
39m[31m[1m^[22m[3
9m[31m[1m^[22m[39
m[31m[1m^[22m[39m
[31m[1m^[22m[39m
[31m[1m^[22m[39m[
31m[1m^[22m[39m[3
1m[1m^[22m[39m[31
m[1m^[22m[39m[31m
[1m^[22m[39m[31m
[1m^[22m[39m[31m[
1m^[22m[39m[31m[1
m^[22m[39m[31m[1m
^[22m[39m[31m[1m^
[22m[39m[31m[1m^
[22m[39m[31m[1m^[
22m[39m[31m[1m^[2
2m[39m[31m[1m^[22
m[39m[31m[1m^[22m
[39m[31m[1m^[22m
[39m[31m[1m^[22m[
39m[31m[1m^[22m[3
9m[31m[1m^[22m[39
m
 [90m  8 |[39m
 [90m  9 |[39m 
[90m// Helper to 
group items by "Day 
X" relative to start 
date[39m
 [90m 10 |[39m 
[90m// Since we 
have Stops and 
Activities, we need 
a flat list of 
events with dates to 
group them?[39m[0m



Import traces:
  Client Component 
Browser:
    ./GlobeTrotter/ap
p/trips/[tripId]/view
/page.tsx [Client 
Component Browser]
    ./GlobeTrotter/ap
p/trips/[tripId]/view
/page.tsx [Server 
Component]

  Client Component 
SSR:
    ./GlobeTrotter/ap
p/trips/[tripId]/view
/page.tsx [Client 
Component SSR]
    ./GlobeTrotter/ap
p/trips/[tripId]/view
/page.tsx [Server 
Component]

https://nextjs.org/do
cs/messages/module-no
t-found


./GlobeTrotter/compon
ents/trips/TripCard.t
sx:5:1
Module not found: 
Can't resolve 
'date-fns'
[0m [90m 3 |[39m 
[36mimport[39m { 
motion } 
[36mfrom[39m [32m"
framer-motion"[39m[
33m;[39m
 [90m 4 |[39m 
[36mimport[39m { [
33mCalendar[39m[33m
,[39m [33mMapPin[3
9m[33m,[39m [33mAr
rowRight[39m[33m,[
39m [33mClock[39m 
} [36mfrom[39m [32
m"lucide-react"[39m
[33m;[39m
[31m[1m>[22m[39m
[90m 5 |[39m 
[36mimport[39m { 
format } 
[36mfrom[39m [32m"
date-fns"[39m[33m;
[39m
 [90m   |[39m [31m
[1m^[22m[39m[31m
[1m^[22m[39m[31m[
1m^[22m[39m[31m[1
m^[22m[39m[31m[1m
^[22m[39m[31m[1m^
[22m[39m[31m[1m^
[22m[39m[31m[1m^[
22m[39m[31m[1m^[2
2m[39m[31m[1m^[22
m[39m[31m[1m^[22m
[39m[31m[1m^[22m
[39m[31m[1m^[22m[
39m[31m[1m^[22m[3
9m[31m[1m^[22m[39
m[31m[1m^[22m[39m
[31m[1m^[22m[39m
[31m[1m^[22m[39m[
31m[1m^[22m[39m[3
1m[1m^[22m[39m[31
m[1m^[22m[39m[31m
[1m^[22m[39m[31m
[1m^[22m[39m[31m[
1m^[22m[39m[31m[1
m^[22m[39m[31m[1m
^[22m[39m[31m[1m^
[22m[39m[31m[1m^
[22m[39m[31m[1m^[
22m[39m[31m[1m^[2
2m[39m[31m[1m^[22
m[39m[31m[1m^[22m
[39m[31m[1m^[22m
[39m[31m[1m^[22m[
39m
 [90m 6 |[39m 
[36mimport[39m { 
cn } [36mfrom[39m 
[32m"@/lib/utils"[39
m[33m;[39m
 [90m 7 |[39m
 [90m 8 |[39m 
[90m// Mock Trip 
Type matching the 
schema roughly, or 
at least what we 
need for 
display[39m[0m



Import traces:
  Client Component 
Browser:
    ./GlobeTrotter/co
mponents/trips/TripCa
rd.tsx [Client 
Component Browser]
    ./GlobeTrotter/ap
p/trips/page.tsx 
[Client Component 
Browser]
    ./GlobeTrotter/ap
p/trips/page.tsx 
[Server Component]

  Client Component 
SSR:
    ./GlobeTrotter/co
mponents/trips/TripCa
rd.tsx [Client 
Component SSR]
    ./GlobeTrotter/ap
p/trips/page.tsx 
[Client Component 
SSR]
    ./GlobeTrotter/ap
p/trips/page.tsx 
[Server Component]

https://nextjs.org/do
cs/messages/module-no
t-found


    at <unknown> (./G
lobeTrotter/app/calen
dar/page.tsx:6:1)
    at <unknown> (htt
ps://nextjs.org/docs/
messages/module-not-f
ound)
    at <unknown> (./G
lobeTrotter/app/trips
/[tripId]/view/page.t
sx:7:1)
    at <unknown> (htt
ps://nextjs.org/docs/
messages/module-not-f
ound)
    at <unknown> (./G
lobeTrotter/component
s/trips/TripCard.tsx:
5:1)
    at <unknown> (htt
ps://nextjs.org/docs/
messages/module-not-f
ound)
